window 2026-06-01 .. 2026-06-28  (28 days)
BINANCE:BTC_USDT       mid RV 1s   5453.3  60s   313.8  300s   227.8  1800s   223.2   inflate 24.43x   trade/mid@1s 0.03
BINANCE:ETH_USDT       mid RV 1s   5720.2  60s   427.0  300s   305.7  1800s   307.9   inflate 18.58x   trade/mid@1s 0.05
BINANCE:XRP_USDT       mid RV 1s   8418.6  60s   797.2  300s   339.6  1800s   296.8   inflate 28.36x   trade/mid@1s 0.04
BITBANK:BTC_SPOT       mid RV 1s    966.7  60s   247.1  300s   223.6  1800s   214.6   inflate 4.5x   trade/mid@1s 0.22
BITBANK:ETH_SPOT       mid RV 1s   1098.4  60s   322.6  300s   296.5  1800s   286.8   inflate 3.83x   trade/mid@1s 0.22
BITBANK:XRP_SPOT       mid RV 1s   1151.7  60s   329.8  300s   324.0  1800s   281.2   inflate 4.1x   trade/mid@1s 0.2
COINCHECK:BTC_SPOT     mid RV 1s    228.7  60s   220.5  300s   215.3  1800s   216.1   inflate 1.06x   trade/mid@1s 1.01
COINCHECK:ETH_SPOT     mid RV 1s    384.2  60s   294.1  300s   293.8  1800s   293.8   inflate 1.31x   trade/mid@1s 0.95
COINCHECK:XRP_SPOT     mid RV 1s    349.6  60s   300.1  300s   294.4  1800s   273.9   inflate 1.28x   trade/mid@1s 1.21
GMO:BTC_JPY            mid RV 1s    220.9  60s   224.2  300s   215.1  1800s   217.6   inflate 1.02x   trade/mid@1s 1.26
GMO:ETH_JPY            mid RV 1s    271.4  60s   299.0  300s   293.2  1800s   294.3   inflate 0.92x   trade/mid@1s 1.28
GMO:XRP_JPY            mid RV 1s    311.8  60s   327.0  300s   304.8  1800s   285.6   inflate 1.09x   trade/mid@1s 1.14

=== RV relative to the Binance market in the same asset ===
market                       1s       5s      30s      60s     300s    1800s
BITBANK:BTC_SPOT           0.18     0.23     0.61     0.79     0.98     0.96
BITBANK:ETH_SPOT           0.19     0.28     0.58     0.76     0.97     0.93
BITBANK:XRP_SPOT           0.14     0.12     0.24     0.41     0.95     0.95
COINCHECK:BTC_SPOT         0.04     0.11     0.51     0.70     0.94     0.97
COINCHECK:ETH_SPOT         0.07     0.15     0.49     0.69     0.96     0.95
COINCHECK:XRP_SPOT         0.04     0.06     0.22     0.38     0.87     0.92
GMO:BTC_JPY                0.04     0.11     0.51     0.71     0.94     0.97
GMO:ETH_JPY                0.05     0.14     0.50     0.70     0.96     0.96
GMO:XRP_JPY                0.04     0.07     0.24     0.41     0.90     0.96

wrote output/vol.json
